============================= test session starts =============================
platform win32 -- Python 3.6.1, pytest-6.2.5, py-1.11.0, pluggy-1.0.0
rootdir: C:\Users\p28\Desktop\Personal\ecosia
collected 1 item

test_main.py .                                                           [100%]

============================== 1 passed in 0.66s ==============================
